Component: ARM Compiler 5.06 update 6 (build 750) Tool: armlink [4d35ed]

==============================================================================

Section Cross References

    main.o(i.CC) refers to f2d.o(.text) for __aeabi_f2d
    main.o(i.CC) refers to cdcmple.o(.text) for __aeabi_cdcmple
    main.o(i.CC) refers to main.o(i.LL_GPIO_SetPinPull) for LL_GPIO_SetPinPull
    main.o(i.CC) refers to dmul.o(.text) for __aeabi_dmul
    main.o(i.CC) refers to ddiv.o(.text) for __aeabi_ddiv
    main.o(i.CC) refers to d2f.o(.text) for __aeabi_d2f
    main.o(i.CC) refers to cdrcmple.o(.text) for __aeabi_cdrcmple
    main.o(i.CC) refers to main.o(i.LL_TIM_OC_SetCompareCH2) for LL_TIM_OC_SetCompareCH2
    main.o(i.CC) refers to ffltui.o(.text) for __aeabi_ui2f
    main.o(i.CC) refers to fmul.o(.text) for __aeabi_fmul
    main.o(i.CC) refers to ffixui.o(.text) for __aeabi_f2uiz
    main.o(i.LL_TIM_OC_SetMode) refers to main.o(.constdata) for OFFSET_TAB_CCMRx
    main.o(i.Pwm_Configure_CC) refers to main.o(i.LL_GPIO_SetPinMode) for LL_GPIO_SetPinMode
    main.o(i.Pwm_Configure_CC) refers to main.o(i.LL_GPIO_SetPinOutputType) for LL_GPIO_SetPinOutputType
    main.o(i.Pwm_Configure_CC) refers to stm32f1xx_ll_tim.o(i.LL_TIM_Init) for LL_TIM_Init
    main.o(i.Pwm_Configure_CC) refers to main.o(i.LL_TIM_CC_EnableChannel) for LL_TIM_CC_EnableChannel
    main.o(i.Pwm_Configure_CC) refers to main.o(i.LL_TIM_OC_SetMode) for LL_TIM_OC_SetMode
    main.o(i.Pwm_Configure_CC) refers to main.o(i.LL_TIM_OC_SetCompareCH2) for LL_TIM_OC_SetCompareCH2
    main.o(i.Pwm_Configure_CC) refers to main.o(i.LL_TIM_EnableAllOutputs) for LL_TIM_EnableAllOutputs
    main.o(i.Pwm_Configure_CC) refers to main.o(i.LL_TIM_EnableCounter) for LL_TIM_EnableCounter
    main.o(i.Pwm_Configure_CC) refers to mytimer.o(i.MyTimer_Start) for MyTimer_Start
    main.o(i.Pwm_Configure_Servoile) refers to main.o(i.LL_GPIO_SetPinMode) for LL_GPIO_SetPinMode
    main.o(i.Pwm_Configure_Servoile) refers to main.o(i.LL_GPIO_SetPinOutputType) for LL_GPIO_SetPinOutputType
    main.o(i.Pwm_Configure_Servoile) refers to stm32f1xx_ll_tim.o(i.LL_TIM_Init) for LL_TIM_Init
    main.o(i.Pwm_Configure_Servoile) refers to main.o(i.LL_TIM_CC_EnableChannel) for LL_TIM_CC_EnableChannel
    main.o(i.Pwm_Configure_Servoile) refers to main.o(i.LL_TIM_OC_SetMode) for LL_TIM_OC_SetMode
    main.o(i.Pwm_Configure_Servoile) refers to main.o(i.LL_TIM_OC_SetCompareCH1) for LL_TIM_OC_SetCompareCH1
    main.o(i.Pwm_Configure_Servoile) refers to main.o(i.LL_TIM_EnableAllOutputs) for LL_TIM_EnableAllOutputs
    main.o(i.Pwm_Configure_Servoile) refers to main.o(i.LL_TIM_EnableCounter) for LL_TIM_EnableCounter
    main.o(i.Pwm_Configure_Servoile) refers to mytimer.o(i.MyTimer_Start) for MyTimer_Start
    main.o(i.SystemClock_Config) refers to stm32f1xx_ll_utils.o(i.LL_Init1msTick) for LL_Init1msTick
    main.o(i.SystemClock_Config) refers to stm32f1xx_ll_utils.o(i.LL_SetSystemCoreClock) for LL_SetSystemCoreClock
    main.o(i.config_gpio_girouette) refers to mytimer.o(i.MyTimer_Conf) for MyTimer_Conf
    main.o(i.config_gpio_girouette) refers to mytimer.o(i.MyTimer_Start) for MyTimer_Start
    main.o(i.main) refers to main.o(i.SystemClock_Config) for SystemClock_Config
    main.o(i.main) refers to main.o(i.Pwm_Configure_Servoile) for Pwm_Configure_Servoile
    main.o(i.main) refers to main.o(i.Pwm_Configure_CC) for Pwm_Configure_CC
    main.o(i.main) refers to main.o(i.servo_voile) for servo_voile
    main.o(i.main) refers to main.o(i.CC) for CC
    main.o(i.servo_voile) refers to dflti.o(.text) for __aeabi_i2d
    main.o(i.servo_voile) refers to dmul.o(.text) for __aeabi_dmul
    main.o(i.servo_voile) refers to dadd.o(.text) for __aeabi_dadd
    main.o(i.servo_voile) refers to d2f.o(.text) for __aeabi_d2f
    main.o(i.servo_voile) refers to fdiv.o(.text) for __aeabi_fdiv
    main.o(i.servo_voile) refers to ffixi.o(.text) for __aeabi_f2iz
    main.o(i.servo_voile) refers to main.o(i.LL_TIM_OC_SetCompareCH1) for LL_TIM_OC_SetCompareCH1
    main.o(i.servo_voile) refers to main.o(.data) for angle
    stm32f1xx_ll_gpio.o(i.LL_GPIO_DeInit) refers to main.o(i.assert_failed) for assert_failed
    stm32f1xx_ll_gpio.o(i.LL_GPIO_DeInit) refers to stm32f1xx_ll_gpio.o(i.LL_APB2_GRP1_ForceReset) for LL_APB2_GRP1_ForceReset
    stm32f1xx_ll_gpio.o(i.LL_GPIO_DeInit) refers to stm32f1xx_ll_gpio.o(i.LL_APB2_GRP1_ReleaseReset) for LL_APB2_GRP1_ReleaseReset
    stm32f1xx_ll_gpio.o(i.LL_GPIO_Init) refers to main.o(i.assert_failed) for assert_failed
    mytimer.o(i.MyTimer_Conf) refers to mytimer.o(i.LL_APB1_GRP1_EnableClock) for LL_APB1_GRP1_EnableClock
    mytimer.o(i.MyTimer_Conf) refers to stm32f1xx_ll_tim.o(i.LL_TIM_Init) for LL_TIM_Init
    mytimer.o(i.MyTimer_Conf) refers to mytimer.o(i.LL_TIM_DisableIT_UPDATE) for LL_TIM_DisableIT_UPDATE
    mytimer.o(i.MyTimer_Conf) refers to mytimer.o(i.LL_TIM_DisableCounter) for LL_TIM_DisableCounter
    mytimer.o(i.MyTimer_IT_Conf) refers to mytimer.o(i.LL_TIM_DisableIT_UPDATE) for LL_TIM_DisableIT_UPDATE
    mytimer.o(i.MyTimer_IT_Conf) refers to mytimer.o(.data) for Ptr_ItFct_TIM1
    mytimer.o(i.MyTimer_IT_Disable) refers to mytimer.o(i.LL_TIM_DisableIT_UPDATE) for LL_TIM_DisableIT_UPDATE
    mytimer.o(i.MyTimer_PWM_Command_Input) refers to dflti.o(.text) for __aeabi_i2d
    mytimer.o(i.MyTimer_PWM_Command_Input) refers to ddiv.o(.text) for __aeabi_ddiv
    mytimer.o(i.MyTimer_PWM_Command_Input) refers to dadd.o(.text) for __aeabi_dadd
    mytimer.o(i.MyTimer_PWM_Command_Input) refers to d2f.o(.text) for __aeabi_d2f
    mytimer.o(i.MyTimer_PWM_Command_Input) refers to ffixi.o(.text) for __aeabi_f2iz
    mytimer.o(i.MyTimer_Stop) refers to mytimer.o(i.LL_TIM_DisableCounter) for LL_TIM_DisableCounter
    mytimer.o(i.TIM1_UP_IRQHandler) refers to mytimer.o(i.LL_TIM_ClearFlag_UPDATE) for LL_TIM_ClearFlag_UPDATE
    mytimer.o(i.TIM1_UP_IRQHandler) refers to mytimer.o(.data) for Ptr_ItFct_TIM1
    mytimer.o(i.TIM2_IRQHandler) refers to mytimer.o(i.LL_TIM_ClearFlag_UPDATE) for LL_TIM_ClearFlag_UPDATE
    mytimer.o(i.TIM2_IRQHandler) refers to mytimer.o(.data) for Ptr_ItFct_TIM2
    mytimer.o(i.TIM3_IRQHandler) refers to mytimer.o(i.LL_TIM_ClearFlag_UPDATE) for LL_TIM_ClearFlag_UPDATE
    mytimer.o(i.TIM3_IRQHandler) refers to mytimer.o(.data) for Ptr_ItFct_TIM3
    mytimer.o(i.TIM4_IRQHandler) refers to mytimer.o(i.LL_TIM_ClearFlag_UPDATE) for LL_TIM_ClearFlag_UPDATE
    mytimer.o(i.TIM4_IRQHandler) refers to mytimer.o(.data) for Ptr_ItFct_TIM4
    stm32f1xx_ll_rcc.o(i.LL_RCC_DeInit) refers to stm32f1xx_ll_rcc.o(i.LL_RCC_PLL_IsReady) for LL_RCC_PLL_IsReady
    stm32f1xx_ll_rcc.o(i.LL_RCC_GetADCClockFreq) refers to main.o(i.assert_failed) for assert_failed
    stm32f1xx_ll_rcc.o(i.LL_RCC_GetADCClockFreq) refers to stm32f1xx_ll_rcc.o(i.RCC_GetSystemClockFreq) for RCC_GetSystemClockFreq
    stm32f1xx_ll_rcc.o(i.LL_RCC_GetADCClockFreq) refers to stm32f1xx_ll_rcc.o(i.RCC_GetHCLKClockFreq) for RCC_GetHCLKClockFreq
    stm32f1xx_ll_rcc.o(i.LL_RCC_GetADCClockFreq) refers to stm32f1xx_ll_rcc.o(i.RCC_GetPCLK2ClockFreq) for RCC_GetPCLK2ClockFreq
    stm32f1xx_ll_rcc.o(i.LL_RCC_GetSystemClocksFreq) refers to stm32f1xx_ll_rcc.o(i.RCC_GetSystemClockFreq) for RCC_GetSystemClockFreq
    stm32f1xx_ll_rcc.o(i.LL_RCC_GetSystemClocksFreq) refers to stm32f1xx_ll_rcc.o(i.RCC_GetHCLKClockFreq) for RCC_GetHCLKClockFreq
    stm32f1xx_ll_rcc.o(i.LL_RCC_GetSystemClocksFreq) refers to stm32f1xx_ll_rcc.o(i.RCC_GetPCLK1ClockFreq) for RCC_GetPCLK1ClockFreq
    stm32f1xx_ll_rcc.o(i.LL_RCC_GetSystemClocksFreq) refers to stm32f1xx_ll_rcc.o(i.RCC_GetPCLK2ClockFreq) for RCC_GetPCLK2ClockFreq
    stm32f1xx_ll_rcc.o(i.LL_RCC_GetUSBClockFreq) refers to main.o(i.assert_failed) for assert_failed
    stm32f1xx_ll_rcc.o(i.LL_RCC_GetUSBClockFreq) refers to stm32f1xx_ll_rcc.o(i.LL_RCC_PLL_IsReady) for LL_RCC_PLL_IsReady
    stm32f1xx_ll_rcc.o(i.LL_RCC_GetUSBClockFreq) refers to stm32f1xx_ll_rcc.o(i.RCC_PLL_GetFreqDomain_SYS) for RCC_PLL_GetFreqDomain_SYS
    stm32f1xx_ll_rcc.o(i.RCC_GetHCLKClockFreq) refers to system_stm32f1xx.o(.constdata) for AHBPrescTable
    stm32f1xx_ll_rcc.o(i.RCC_GetPCLK1ClockFreq) refers to system_stm32f1xx.o(.constdata) for APBPrescTable
    stm32f1xx_ll_rcc.o(i.RCC_GetPCLK2ClockFreq) refers to system_stm32f1xx.o(.constdata) for APBPrescTable
    stm32f1xx_ll_rcc.o(i.RCC_GetSystemClockFreq) refers to stm32f1xx_ll_rcc.o(i.RCC_PLL_GetFreqDomain_SYS) for RCC_PLL_GetFreqDomain_SYS
    stm32f1xx_ll_utils.o(i.LL_PLL_ConfigSystemClock_HSE) refers to main.o(i.assert_failed) for assert_failed
    stm32f1xx_ll_utils.o(i.LL_PLL_ConfigSystemClock_HSE) refers to stm32f1xx_ll_utils.o(i.UTILS_PLL_IsBusy) for UTILS_PLL_IsBusy
    stm32f1xx_ll_utils.o(i.LL_PLL_ConfigSystemClock_HSE) refers to stm32f1xx_ll_utils.o(i.UTILS_GetPLLOutputFrequency) for UTILS_GetPLLOutputFrequency
    stm32f1xx_ll_utils.o(i.LL_PLL_ConfigSystemClock_HSE) refers to stm32f1xx_ll_utils.o(i.LL_RCC_HSE_IsReady) for LL_RCC_HSE_IsReady
    stm32f1xx_ll_utils.o(i.LL_PLL_ConfigSystemClock_HSE) refers to stm32f1xx_ll_utils.o(i.LL_RCC_PLL_ConfigDomain_SYS) for LL_RCC_PLL_ConfigDomain_SYS
    stm32f1xx_ll_utils.o(i.LL_PLL_ConfigSystemClock_HSE) refers to stm32f1xx_ll_utils.o(i.UTILS_EnablePLLAndSwitchSystem) for UTILS_EnablePLLAndSwitchSystem
    stm32f1xx_ll_utils.o(i.LL_PLL_ConfigSystemClock_HSI) refers to stm32f1xx_ll_utils.o(i.UTILS_PLL_IsBusy) for UTILS_PLL_IsBusy
    stm32f1xx_ll_utils.o(i.LL_PLL_ConfigSystemClock_HSI) refers to stm32f1xx_ll_utils.o(i.UTILS_GetPLLOutputFrequency) for UTILS_GetPLLOutputFrequency
    stm32f1xx_ll_utils.o(i.LL_PLL_ConfigSystemClock_HSI) refers to stm32f1xx_ll_utils.o(i.LL_RCC_HSI_IsReady) for LL_RCC_HSI_IsReady
    stm32f1xx_ll_utils.o(i.LL_PLL_ConfigSystemClock_HSI) refers to stm32f1xx_ll_utils.o(i.LL_RCC_PLL_ConfigDomain_SYS) for LL_RCC_PLL_ConfigDomain_SYS
    stm32f1xx_ll_utils.o(i.LL_PLL_ConfigSystemClock_HSI) refers to stm32f1xx_ll_utils.o(i.UTILS_EnablePLLAndSwitchSystem) for UTILS_EnablePLLAndSwitchSystem
    stm32f1xx_ll_utils.o(i.LL_SetSystemCoreClock) refers to system_stm32f1xx.o(.data) for SystemCoreClock
    stm32f1xx_ll_utils.o(i.UTILS_EnablePLLAndSwitchSystem) refers to main.o(i.assert_failed) for assert_failed
    stm32f1xx_ll_utils.o(i.UTILS_EnablePLLAndSwitchSystem) refers to stm32f1xx_ll_utils.o(i.UTILS_SetFlashLatency) for UTILS_SetFlashLatency
    stm32f1xx_ll_utils.o(i.UTILS_EnablePLLAndSwitchSystem) refers to stm32f1xx_ll_utils.o(i.LL_RCC_PLL_IsReady) for LL_RCC_PLL_IsReady
    stm32f1xx_ll_utils.o(i.UTILS_EnablePLLAndSwitchSystem) refers to stm32f1xx_ll_utils.o(i.LL_SetSystemCoreClock) for LL_SetSystemCoreClock
    stm32f1xx_ll_utils.o(i.UTILS_EnablePLLAndSwitchSystem) refers to system_stm32f1xx.o(.constdata) for AHBPrescTable
    stm32f1xx_ll_utils.o(i.UTILS_EnablePLLAndSwitchSystem) refers to system_stm32f1xx.o(.data) for SystemCoreClock
    stm32f1xx_ll_utils.o(i.UTILS_GetPLLOutputFrequency) refers to main.o(i.assert_failed) for assert_failed
    stm32f1xx_ll_utils.o(i.UTILS_PLL_IsBusy) refers to stm32f1xx_ll_utils.o(i.LL_RCC_PLL_IsReady) for LL_RCC_PLL_IsReady
    stm32f1xx_ll_tim.o(i.IC1Config) refers to main.o(i.assert_failed) for assert_failed
    stm32f1xx_ll_tim.o(i.IC2Config) refers to main.o(i.assert_failed) for assert_failed
    stm32f1xx_ll_tim.o(i.IC3Config) refers to main.o(i.assert_failed) for assert_failed
    stm32f1xx_ll_tim.o(i.IC4Config) refers to main.o(i.assert_failed) for assert_failed
    stm32f1xx_ll_tim.o(i.LL_TIM_BDTR_Init) refers to main.o(i.assert_failed) for assert_failed
    stm32f1xx_ll_tim.o(i.LL_TIM_DeInit) refers to main.o(i.assert_failed) for assert_failed
    stm32f1xx_ll_tim.o(i.LL_TIM_DeInit) refers to stm32f1xx_ll_tim.o(i.LL_APB1_GRP1_ForceReset) for LL_APB1_GRP1_ForceReset
    stm32f1xx_ll_tim.o(i.LL_TIM_DeInit) refers to stm32f1xx_ll_tim.o(i.LL_APB1_GRP1_ReleaseReset) for LL_APB1_GRP1_ReleaseReset
    stm32f1xx_ll_tim.o(i.LL_TIM_ENCODER_Init) refers to main.o(i.assert_failed) for assert_failed
    stm32f1xx_ll_tim.o(i.LL_TIM_HALLSENSOR_Init) refers to main.o(i.assert_failed) for assert_failed
    stm32f1xx_ll_tim.o(i.LL_TIM_HALLSENSOR_Init) refers to stm32f1xx_ll_tim.o(i.LL_TIM_OC_SetCompareCH2) for LL_TIM_OC_SetCompareCH2
    stm32f1xx_ll_tim.o(i.LL_TIM_IC_Init) refers to stm32f1xx_ll_tim.o(i.IC1Config) for IC1Config
    stm32f1xx_ll_tim.o(i.LL_TIM_IC_Init) refers to stm32f1xx_ll_tim.o(i.IC2Config) for IC2Config
    stm32f1xx_ll_tim.o(i.LL_TIM_IC_Init) refers to stm32f1xx_ll_tim.o(i.IC3Config) for IC3Config
    stm32f1xx_ll_tim.o(i.LL_TIM_IC_Init) refers to stm32f1xx_ll_tim.o(i.IC4Config) for IC4Config
    stm32f1xx_ll_tim.o(i.LL_TIM_Init) refers to main.o(i.assert_failed) for assert_failed
    stm32f1xx_ll_tim.o(i.LL_TIM_OC_Init) refers to stm32f1xx_ll_tim.o(i.OC1Config) for OC1Config
    stm32f1xx_ll_tim.o(i.LL_TIM_OC_Init) refers to stm32f1xx_ll_tim.o(i.OC2Config) for OC2Config
    stm32f1xx_ll_tim.o(i.LL_TIM_OC_Init) refers to stm32f1xx_ll_tim.o(i.OC3Config) for OC3Config
    stm32f1xx_ll_tim.o(i.LL_TIM_OC_Init) refers to stm32f1xx_ll_tim.o(i.OC4Config) for OC4Config
    stm32f1xx_ll_tim.o(i.OC1Config) refers to main.o(i.assert_failed) for assert_failed
    stm32f1xx_ll_tim.o(i.OC2Config) refers to main.o(i.assert_failed) for assert_failed
    stm32f1xx_ll_tim.o(i.OC2Config) refers to stm32f1xx_ll_tim.o(i.LL_TIM_OC_SetCompareCH2) for LL_TIM_OC_SetCompareCH2
    stm32f1xx_ll_tim.o(i.OC3Config) refers to main.o(i.assert_failed) for assert_failed
    stm32f1xx_ll_tim.o(i.OC4Config) refers to main.o(i.assert_failed) for assert_failed
    stm32f1xx_ll_usart.o(i.LL_USART_ClockInit) refers to main.o(i.assert_failed) for assert_failed
    stm32f1xx_ll_usart.o(i.LL_USART_ClockInit) refers to stm32f1xx_ll_usart.o(i.LL_USART_IsEnabled) for LL_USART_IsEnabled
    stm32f1xx_ll_usart.o(i.LL_USART_DeInit) refers to main.o(i.assert_failed) for assert_failed
    stm32f1xx_ll_usart.o(i.LL_USART_DeInit) refers to stm32f1xx_ll_usart.o(i.LL_APB1_GRP1_ForceReset) for LL_APB1_GRP1_ForceReset
    stm32f1xx_ll_usart.o(i.LL_USART_DeInit) refers to stm32f1xx_ll_usart.o(i.LL_APB1_GRP1_ReleaseReset) for LL_APB1_GRP1_ReleaseReset
    stm32f1xx_ll_usart.o(i.LL_USART_Init) refers to main.o(i.assert_failed) for assert_failed
    stm32f1xx_ll_usart.o(i.LL_USART_Init) refers to stm32f1xx_ll_usart.o(i.LL_USART_IsEnabled) for LL_USART_IsEnabled
    stm32f1xx_ll_usart.o(i.LL_USART_Init) refers to stm32f1xx_ll_rcc.o(i.LL_RCC_GetSystemClocksFreq) for LL_RCC_GetSystemClocksFreq
    stm32f1xx_ll_usart.o(i.LL_USART_Init) refers to stm32f1xx_ll_usart.o(i.LL_USART_SetBaudRate) for LL_USART_SetBaudRate
    system_stm32f1xx.o(i.SystemCoreClockUpdate) refers to system_stm32f1xx.o(.data) for SystemCoreClock
    system_stm32f1xx.o(i.SystemCoreClockUpdate) refers to system_stm32f1xx.o(.constdata) for AHBPrescTable
    startup_stm32f103xb.o(RESET) refers to startup_stm32f103xb.o(STACK) for __initial_sp
    startup_stm32f103xb.o(RESET) refers to startup_stm32f103xb.o(.text) for Reset_Handler
    startup_stm32f103xb.o(RESET) refers to mytimer.o(i.TIM1_UP_IRQHandler) for TIM1_UP_IRQHandler
    startup_stm32f103xb.o(RESET) refers to mytimer.o(i.TIM2_IRQHandler) for TIM2_IRQHandler
    startup_stm32f103xb.o(RESET) refers to mytimer.o(i.TIM3_IRQHandler) for TIM3_IRQHandler
    startup_stm32f103xb.o(RESET) refers to mytimer.o(i.TIM4_IRQHandler) for TIM4_IRQHandler
    startup_stm32f103xb.o(.text) refers to system_stm32f1xx.o(i.SystemInit) for SystemInit
    startup_stm32f103xb.o(.text) refers to entry.o(.ARM.Collect$$$$00000000) for __main
    entry.o(.ARM.Collect$$$$00000000) refers (Special) to entry10a.o(.ARM.Collect$$$$0000000D) for __rt_final_cpp
    entry.o(.ARM.Collect$$$$00000000) refers (Special) to entry11a.o(.ARM.Collect$$$$0000000F) for __rt_final_exit
    entry.o(.ARM.Collect$$$$00000000) refers (Special) to entry7b.o(.ARM.Collect$$$$00000008) for _main_clock
    entry.o(.ARM.Collect$$$$00000000) refers (Special) to entry8b.o(.ARM.Collect$$$$0000000A) for _main_cpp_init
    entry.o(.ARM.Collect$$$$00000000) refers (Special) to entry9a.o(.ARM.Collect$$$$0000000B) for _main_init
    entry.o(.ARM.Collect$$$$00000000) refers (Special) to entry5.o(.ARM.Collect$$$$00000004) for _main_scatterload
    entry.o(.ARM.Collect$$$$00000000) refers (Special) to entry2.o(.ARM.Collect$$$$00000001) for _main_stk
    fmul.o(.text) refers (Special) to iusefp.o(.text) for __I$use$fp
    fdiv.o(.text) refers (Special) to iusefp.o(.text) for __I$use$fp
    fdiv.o(.text) refers to fepilogue.o(.text) for _float_round
    dadd.o(.text) refers (Special) to iusefp.o(.text) for __I$use$fp
    dadd.o(.text) refers to llshl.o(.text) for __aeabi_llsl
    dadd.o(.text) refers to llsshr.o(.text) for __aeabi_lasr
    dadd.o(.text) refers to depilogue.o(.text) for _double_epilogue
    dmul.o(.text) refers (Special) to iusefp.o(.text) for __I$use$fp
    dmul.o(.text) refers to depilogue.o(.text) for _double_epilogue
    ddiv.o(.text) refers (Special) to iusefp.o(.text) for __I$use$fp
    ddiv.o(.text) refers to depilogue.o(.text) for _double_round
    ffltui.o(.text) refers (Special) to iusefp.o(.text) for __I$use$fp
    ffltui.o(.text) refers to fepilogue.o(.text) for _float_epilogue
    dflti.o(.text) refers (Special) to iusefp.o(.text) for __I$use$fp
    dflti.o(.text) refers to depilogue.o(.text) for _double_epilogue
    ffixi.o(.text) refers (Special) to iusefp.o(.text) for __I$use$fp
    ffixui.o(.text) refers (Special) to iusefp.o(.text) for __I$use$fp
    f2d.o(.text) refers (Special) to iusefp.o(.text) for __I$use$fp
    cdcmple.o(.text) refers (Special) to iusefp.o(.text) for __I$use$fp
    cdrcmple.o(.text) refers (Special) to iusefp.o(.text) for __I$use$fp
    d2f.o(.text) refers (Special) to iusefp.o(.text) for __I$use$fp
    d2f.o(.text) refers to fepilogue.o(.text) for _float_round
    entry2.o(.ARM.Collect$$$$00000001) refers to entry2.o(.ARM.Collect$$$$00002712) for __lit__00000000
    entry2.o(.ARM.Collect$$$$00002712) refers to startup_stm32f103xb.o(STACK) for __initial_sp
    entry2.o(__vectab_stack_and_reset_area) refers to startup_stm32f103xb.o(STACK) for __initial_sp
    entry2.o(__vectab_stack_and_reset_area) refers to entry.o(.ARM.Collect$$$$00000000) for __main
    entry5.o(.ARM.Collect$$$$00000004) refers to init.o(.text) for __scatterload
    entry9a.o(.ARM.Collect$$$$0000000B) refers to main.o(i.main) for main
    entry9b.o(.ARM.Collect$$$$0000000C) refers to main.o(i.main) for main
    depilogue.o(.text) refers to llshl.o(.text) for __aeabi_llsl
    depilogue.o(.text) refers to llushr.o(.text) for __aeabi_llsr
    init.o(.text) refers to entry5.o(.ARM.Collect$$$$00000004) for __main_after_scatterload


==============================================================================

Removing Unused input sections from the image.

    Removing main.o(.rev16_text), (4 bytes).
    Removing main.o(.revsh_text), (4 bytes).
    Removing main.o(.rrx_text), (6 bytes).
    Removing main.o(i.config_gpio_girouette), (96 bytes).
    Removing stm32f1xx_ll_gpio.o(.rev16_text), (4 bytes).
    Removing stm32f1xx_ll_gpio.o(.revsh_text), (4 bytes).
    Removing stm32f1xx_ll_gpio.o(.rrx_text), (6 bytes).
    Removing stm32f1xx_ll_gpio.o(i.LL_APB2_GRP1_ForceReset), (16 bytes).
    Removing stm32f1xx_ll_gpio.o(i.LL_APB2_GRP1_ReleaseReset), (16 bytes).
    Removing stm32f1xx_ll_gpio.o(i.LL_GPIO_DeInit), (212 bytes).
    Removing stm32f1xx_ll_gpio.o(i.LL_GPIO_Init), (504 bytes).
    Removing stm32f1xx_ll_gpio.o(i.LL_GPIO_StructInit), (24 bytes).
    Removing mytimer.o(.rev16_text), (4 bytes).
    Removing mytimer.o(.revsh_text), (4 bytes).
    Removing mytimer.o(.rrx_text), (6 bytes).
    Removing mytimer.o(i.LL_APB1_GRP1_EnableClock), (28 bytes).
    Removing mytimer.o(i.LL_TIM_DisableCounter), (10 bytes).
    Removing mytimer.o(i.LL_TIM_DisableIT_UPDATE), (10 bytes).
    Removing mytimer.o(i.MyTimer_Conf), (132 bytes).
    Removing mytimer.o(i.MyTimer_IT_Conf), (192 bytes).
    Removing mytimer.o(i.MyTimer_IT_Disable), (12 bytes).
    Removing mytimer.o(i.MyTimer_IT_Enable), (14 bytes).
    Removing mytimer.o(i.MyTimer_PWM_Command_Input), (436 bytes).
    Removing mytimer.o(i.MyTimer_Stop), (12 bytes).
    Removing mytimer.o(.constdata), (35 bytes).
    Removing stm32f1xx_ll_rcc.o(.rev16_text), (4 bytes).
    Removing stm32f1xx_ll_rcc.o(.revsh_text), (4 bytes).
    Removing stm32f1xx_ll_rcc.o(.rrx_text), (6 bytes).
    Removing stm32f1xx_ll_rcc.o(i.LL_RCC_DeInit), (152 bytes).
    Removing stm32f1xx_ll_rcc.o(i.LL_RCC_GetADCClockFreq), (124 bytes).
    Removing stm32f1xx_ll_rcc.o(i.LL_RCC_GetSystemClocksFreq), (36 bytes).
    Removing stm32f1xx_ll_rcc.o(i.LL_RCC_GetUSBClockFreq), (120 bytes).
    Removing stm32f1xx_ll_rcc.o(i.LL_RCC_PLL_IsReady), (16 bytes).
    Removing stm32f1xx_ll_rcc.o(i.RCC_GetHCLKClockFreq), (32 bytes).
    Removing stm32f1xx_ll_rcc.o(i.RCC_GetPCLK1ClockFreq), (36 bytes).
    Removing stm32f1xx_ll_rcc.o(i.RCC_GetPCLK2ClockFreq), (36 bytes).
    Removing stm32f1xx_ll_rcc.o(i.RCC_GetSystemClockFreq), (60 bytes).
    Removing stm32f1xx_ll_rcc.o(i.RCC_PLL_GetFreqDomain_SYS), (88 bytes).
    Removing stm32f1xx_ll_utils.o(.rev16_text), (4 bytes).
    Removing stm32f1xx_ll_utils.o(.revsh_text), (4 bytes).
    Removing stm32f1xx_ll_utils.o(.rrx_text), (6 bytes).
    Removing stm32f1xx_ll_utils.o(i.LL_PLL_ConfigSystemClock_HSE), (260 bytes).
    Removing stm32f1xx_ll_utils.o(i.LL_PLL_ConfigSystemClock_HSI), (104 bytes).
    Removing stm32f1xx_ll_utils.o(i.LL_RCC_HSE_IsReady), (16 bytes).
    Removing stm32f1xx_ll_utils.o(i.LL_RCC_HSI_IsReady), (16 bytes).
    Removing stm32f1xx_ll_utils.o(i.LL_RCC_PLL_ConfigDomain_SYS), (28 bytes).
    Removing stm32f1xx_ll_utils.o(i.LL_RCC_PLL_IsReady), (16 bytes).
    Removing stm32f1xx_ll_utils.o(i.LL_mDelay), (40 bytes).
    Removing stm32f1xx_ll_utils.o(i.UTILS_EnablePLLAndSwitchSystem), (416 bytes).
    Removing stm32f1xx_ll_utils.o(i.UTILS_GetPLLOutputFrequency), (228 bytes).
    Removing stm32f1xx_ll_utils.o(i.UTILS_PLL_IsBusy), (16 bytes).
    Removing stm32f1xx_ll_utils.o(i.UTILS_SetFlashLatency), (80 bytes).
    Removing stm32f1xx_ll_tim.o(.rev16_text), (4 bytes).
    Removing stm32f1xx_ll_tim.o(.revsh_text), (4 bytes).
    Removing stm32f1xx_ll_tim.o(.rrx_text), (6 bytes).
    Removing stm32f1xx_ll_tim.o(i.IC1Config), (376 bytes).
    Removing stm32f1xx_ll_tim.o(i.IC2Config), (376 bytes).
    Removing stm32f1xx_ll_tim.o(i.IC3Config), (380 bytes).
    Removing stm32f1xx_ll_tim.o(i.IC4Config), (380 bytes).
    Removing stm32f1xx_ll_tim.o(i.LL_APB1_GRP1_ForceReset), (16 bytes).
    Removing stm32f1xx_ll_tim.o(i.LL_APB1_GRP1_ReleaseReset), (16 bytes).
    Removing stm32f1xx_ll_tim.o(i.LL_TIM_BDTR_Init), (312 bytes).
    Removing stm32f1xx_ll_tim.o(i.LL_TIM_BDTR_StructInit), (18 bytes).
    Removing stm32f1xx_ll_tim.o(i.LL_TIM_DeInit), (192 bytes).
    Removing stm32f1xx_ll_tim.o(i.LL_TIM_ENCODER_Init), (688 bytes).
    Removing stm32f1xx_ll_tim.o(i.LL_TIM_ENCODER_StructInit), (36 bytes).
    Removing stm32f1xx_ll_tim.o(i.LL_TIM_HALLSENSOR_Init), (396 bytes).
    Removing stm32f1xx_ll_tim.o(i.LL_TIM_HALLSENSOR_StructInit), (12 bytes).
    Removing stm32f1xx_ll_tim.o(i.LL_TIM_IC_Init), (92 bytes).
    Removing stm32f1xx_ll_tim.o(i.LL_TIM_IC_StructInit), (18 bytes).
    Removing stm32f1xx_ll_tim.o(i.LL_TIM_OC_Init), (92 bytes).
    Removing stm32f1xx_ll_tim.o(i.LL_TIM_OC_SetCompareCH2), (4 bytes).
    Removing stm32f1xx_ll_tim.o(i.LL_TIM_OC_StructInit), (20 bytes).
    Removing stm32f1xx_ll_tim.o(i.LL_TIM_StructInit), (18 bytes).
    Removing stm32f1xx_ll_tim.o(i.OC1Config), (404 bytes).
    Removing stm32f1xx_ll_tim.o(i.OC2Config), (404 bytes).
    Removing stm32f1xx_ll_tim.o(i.OC3Config), (404 bytes).
    Removing stm32f1xx_ll_tim.o(i.OC4Config), (372 bytes).
    Removing stm32f1xx_ll_tim.o(.constdata), (35 bytes).
    Removing stm32f1xx_ll_usart.o(.rev16_text), (4 bytes).
    Removing stm32f1xx_ll_usart.o(.revsh_text), (4 bytes).
    Removing stm32f1xx_ll_usart.o(.rrx_text), (6 bytes).
    Removing stm32f1xx_ll_usart.o(i.LL_APB1_GRP1_ForceReset), (16 bytes).
    Removing stm32f1xx_ll_usart.o(i.LL_APB1_GRP1_ReleaseReset), (16 bytes).
    Removing stm32f1xx_ll_usart.o(i.LL_USART_ClockInit), (276 bytes).
    Removing stm32f1xx_ll_usart.o(i.LL_USART_ClockStructInit), (12 bytes).
    Removing stm32f1xx_ll_usart.o(i.LL_USART_DeInit), (180 bytes).
    Removing stm32f1xx_ll_usart.o(i.LL_USART_Init), (432 bytes).
    Removing stm32f1xx_ll_usart.o(i.LL_USART_IsEnabled), (10 bytes).
    Removing stm32f1xx_ll_usart.o(i.LL_USART_SetBaudRate), (158 bytes).
    Removing stm32f1xx_ll_usart.o(i.LL_USART_StructInit), (24 bytes).
    Removing system_stm32f1xx.o(.rev16_text), (4 bytes).
    Removing system_stm32f1xx.o(.revsh_text), (4 bytes).
    Removing system_stm32f1xx.o(.rrx_text), (6 bytes).
    Removing system_stm32f1xx.o(i.SystemCoreClockUpdate), (164 bytes).
    Removing system_stm32f1xx.o(.constdata), (24 bytes).
    Removing startup_stm32f103xb.o(HEAP), (512 bytes).

97 unused section(s) (total 10666 bytes) removed from the image.

==============================================================================

Image Symbol Table

    Local Symbols

    Symbol Name                              Value     Ov Type        Size  Object(Section)

    ../Src/main.c                            0x00000000   Number         0  main.o ABSOLUTE
    ../Src/system_stm32f1xx.c                0x00000000   Number         0  system_stm32f1xx.o ABSOLUTE
    ../clib/microlib/init/entry.s            0x00000000   Number         0  entry8b.o ABSOLUTE
    ../clib/microlib/init/entry.s            0x00000000   Number         0  entry10b.o ABSOLUTE
    ../clib/microlib/init/entry.s            0x00000000   Number         0  entry10a.o ABSOLUTE
    ../clib/microlib/init/entry.s            0x00000000   Number         0  entry9b.o ABSOLUTE
    ../clib/microlib/init/entry.s            0x00000000   Number         0  entry7b.o ABSOLUTE
    ../clib/microlib/init/entry.s            0x00000000   Number         0  entry9a.o ABSOLUTE
    ../clib/microlib/init/entry.s            0x00000000   Number         0  entry5.o ABSOLUTE
    ../clib/microlib/init/entry.s            0x00000000   Number         0  entry2.o ABSOLUTE
    ../clib/microlib/init/entry.s            0x00000000   Number         0  entry8a.o ABSOLUTE
    ../clib/microlib/init/entry.s            0x00000000   Number         0  entry11a.o ABSOLUTE
    ../clib/microlib/init/entry.s            0x00000000   Number         0  entry.o ABSOLUTE
    ../clib/microlib/init/entry.s            0x00000000   Number         0  entry7a.o ABSOLUTE
    ../clib/microlib/init/entry.s            0x00000000   Number         0  entry11b.o ABSOLUTE
    ../clib/microlib/longlong.c              0x00000000   Number         0  llushr.o ABSOLUTE
    ../clib/microlib/longlong.c              0x00000000   Number         0  llshl.o ABSOLUTE
    ../clib/microlib/longlong.c              0x00000000   Number         0  llsshr.o ABSOLUTE
    ../clib/microlib/stubs.s                 0x00000000   Number         0  iusefp.o ABSOLUTE
    ../fplib/microlib/d2f.c                  0x00000000   Number         0  d2f.o ABSOLUTE
    ../fplib/microlib/f2d.c                  0x00000000   Number         0  f2d.o ABSOLUTE
    ../fplib/microlib/fpadd.c                0x00000000   Number         0  dadd.o ABSOLUTE
    ../fplib/microlib/fpdiv.c                0x00000000   Number         0  fdiv.o ABSOLUTE
    ../fplib/microlib/fpdiv.c                0x00000000   Number         0  ddiv.o ABSOLUTE
    ../fplib/microlib/fpepilogue.c           0x00000000   Number         0  fepilogue.o ABSOLUTE
    ../fplib/microlib/fpepilogue.c           0x00000000   Number         0  depilogue.o ABSOLUTE
    ../fplib/microlib/fpfix.c                0x00000000   Number         0  ffixi.o ABSOLUTE
    ../fplib/microlib/fpfix.c                0x00000000   Number         0  ffixui.o ABSOLUTE
    ../fplib/microlib/fpflt.c                0x00000000   Number         0  ffltui.o ABSOLUTE
    ../fplib/microlib/fpflt.c                0x00000000   Number         0  dflti.o ABSOLUTE
    ../fplib/microlib/fpmul.c                0x00000000   Number         0  dmul.o ABSOLUTE
    ../fplib/microlib/fpmul.c                0x00000000   Number         0  fmul.o ABSOLUTE
    ..\LLDrivers\src\stm32f1xx_ll_gpio.c     0x00000000   Number         0  stm32f1xx_ll_gpio.o ABSOLUTE
    ..\LLDrivers\src\stm32f1xx_ll_rcc.c      0x00000000   Number         0  stm32f1xx_ll_rcc.o ABSOLUTE
    ..\LLDrivers\src\stm32f1xx_ll_tim.c      0x00000000   Number         0  stm32f1xx_ll_tim.o ABSOLUTE
    ..\LLDrivers\src\stm32f1xx_ll_usart.c    0x00000000   Number         0  stm32f1xx_ll_usart.o ABSOLUTE
    ..\LLDrivers\src\stm32f1xx_ll_utils.c    0x00000000   Number         0  stm32f1xx_ll_utils.o ABSOLUTE
    ..\MyDrivers\MyTimer.c                   0x00000000   Number         0  mytimer.o ABSOLUTE
    ..\Src\main.c                            0x00000000   Number         0  main.o ABSOLUTE
    ..\Src\system_stm32f1xx.c                0x00000000   Number         0  system_stm32f1xx.o ABSOLUTE
    ..\\LLDrivers\\src\\stm32f1xx_ll_gpio.c  0x00000000   Number         0  stm32f1xx_ll_gpio.o ABSOLUTE
    ..\\LLDrivers\\src\\stm32f1xx_ll_rcc.c   0x00000000   Number         0  stm32f1xx_ll_rcc.o ABSOLUTE
    ..\\LLDrivers\\src\\stm32f1xx_ll_tim.c   0x00000000   Number         0  stm32f1xx_ll_tim.o ABSOLUTE
    ..\\LLDrivers\\src\\stm32f1xx_ll_usart.c 0x00000000   Number         0  stm32f1xx_ll_usart.o ABSOLUTE
    ..\\LLDrivers\\src\\stm32f1xx_ll_utils.c 0x00000000   Number         0  stm32f1xx_ll_utils.o ABSOLUTE
    ..\\MyDrivers\\MyTimer.c                 0x00000000   Number         0  mytimer.o ABSOLUTE
    cdcmple.s                                0x00000000   Number         0  cdcmple.o ABSOLUTE
    cdrcmple.s                               0x00000000   Number         0  cdrcmple.o ABSOLUTE
    dc.s                                     0x00000000   Number         0  dc.o ABSOLUTE
    handlers.s                               0x00000000   Number         0  handlers.o ABSOLUTE
    init.s                                   0x00000000   Number         0  init.o ABSOLUTE
    startup_stm32f103xb.s                    0x00000000   Number         0  startup_stm32f103xb.o ABSOLUTE
    RESET                                    0x08000000   Section      236  startup_stm32f103xb.o(RESET)
    .ARM.Collect$$$$00000000                 0x080000ec   Section        0  entry.o(.ARM.Collect$$$$00000000)
    .ARM.Collect$$$$00000001                 0x080000ec   Section        4  entry2.o(.ARM.Collect$$$$00000001)
    .ARM.Collect$$$$00000004                 0x080000f0   Section        4  entry5.o(.ARM.Collect$$$$00000004)
    .ARM.Collect$$$$00000008                 0x080000f4   Section        0  entry7b.o(.ARM.Collect$$$$00000008)
    .ARM.Collect$$$$0000000A                 0x080000f4   Section        0  entry8b.o(.ARM.Collect$$$$0000000A)
    .ARM.Collect$$$$0000000B                 0x080000f4   Section        8  entry9a.o(.ARM.Collect$$$$0000000B)
    .ARM.Collect$$$$0000000D                 0x080000fc   Section        0  entry10a.o(.ARM.Collect$$$$0000000D)
    .ARM.Collect$$$$0000000F                 0x080000fc   Section        0  entry11a.o(.ARM.Collect$$$$0000000F)
    .ARM.Collect$$$$00002712                 0x080000fc   Section        4  entry2.o(.ARM.Collect$$$$00002712)
    __lit__00000000                          0x080000fc   Data           4  entry2.o(.ARM.Collect$$$$00002712)
    .text                                    0x08000100   Section       36  startup_stm32f103xb.o(.text)
    .text                                    0x08000124   Section        0  fmul.o(.text)
    .text                                    0x08000188   Section        0  fdiv.o(.text)
    .text                                    0x08000204   Section        0  dadd.o(.text)
    .text                                    0x08000352   Section        0  dmul.o(.text)
    .text                                    0x08000436   Section        0  ddiv.o(.text)
    .text                                    0x08000514   Section        0  ffltui.o(.text)
    .text                                    0x0800051e   Section        0  dflti.o(.text)
    .text                                    0x08000540   Section        0  ffixi.o(.text)
    .text                                    0x08000572   Section        0  ffixui.o(.text)
    .text                                    0x0800059a   Section        0  f2d.o(.text)
    .text                                    0x080005c0   Section       48  cdcmple.o(.text)
    .text                                    0x080005f0   Section       48  cdrcmple.o(.text)
    .text                                    0x08000620   Section        0  d2f.o(.text)
    .text                                    0x08000658   Section        0  llshl.o(.text)
    .text                                    0x08000676   Section        0  llsshr.o(.text)
    .text                                    0x0800069a   Section        0  fepilogue.o(.text)
    .text                                    0x0800069a   Section        0  iusefp.o(.text)
    .text                                    0x08000708   Section        0  depilogue.o(.text)
    .text                                    0x080007c4   Section       36  init.o(.text)
    .text                                    0x080007e8   Section        0  llushr.o(.text)
    i.CC                                     0x08000808   Section        0  main.o(i.CC)
    i.LL_GPIO_SetPinMode                     0x0800090c   Section        0  main.o(i.LL_GPIO_SetPinMode)
    LL_GPIO_SetPinMode                       0x0800090d   Thumb Code    44  main.o(i.LL_GPIO_SetPinMode)
    i.LL_GPIO_SetPinOutputType               0x08000938   Section        0  main.o(i.LL_GPIO_SetPinOutputType)
    LL_GPIO_SetPinOutputType                 0x08000939   Thumb Code    44  main.o(i.LL_GPIO_SetPinOutputType)
    i.LL_GPIO_SetPinPull                     0x08000964   Section        0  main.o(i.LL_GPIO_SetPinPull)
    LL_GPIO_SetPinPull                       0x08000965   Thumb Code    28  main.o(i.LL_GPIO_SetPinPull)
    i.LL_Init1msTick                         0x08000980   Section        0  stm32f1xx_ll_utils.o(i.LL_Init1msTick)
    i.LL_SetSystemCoreClock                  0x0800099c   Section        0  stm32f1xx_ll_utils.o(i.LL_SetSystemCoreClock)
    i.LL_TIM_CC_EnableChannel                0x080009a8   Section        0  main.o(i.LL_TIM_CC_EnableChannel)
    LL_TIM_CC_EnableChannel                  0x080009a9   Thumb Code     8  main.o(i.LL_TIM_CC_EnableChannel)
    i.LL_TIM_ClearFlag_UPDATE                0x080009b0   Section        0  mytimer.o(i.LL_TIM_ClearFlag_UPDATE)
    LL_TIM_ClearFlag_UPDATE                  0x080009b1   Thumb Code     8  mytimer.o(i.LL_TIM_ClearFlag_UPDATE)
    i.LL_TIM_EnableAllOutputs                0x080009b8   Section        0  main.o(i.LL_TIM_EnableAllOutputs)
    LL_TIM_EnableAllOutputs                  0x080009b9   Thumb Code    10  main.o(i.LL_TIM_EnableAllOutputs)
    i.LL_TIM_EnableCounter                   0x080009c2   Section        0  main.o(i.LL_TIM_EnableCounter)
    LL_TIM_EnableCounter                     0x080009c3   Thumb Code    10  main.o(i.LL_TIM_EnableCounter)
    i.LL_TIM_Init                            0x080009cc   Section        0  stm32f1xx_ll_tim.o(i.LL_TIM_Init)
    i.LL_TIM_OC_SetCompareCH1                0x08000ae0   Section        0  main.o(i.LL_TIM_OC_SetCompareCH1)
    LL_TIM_OC_SetCompareCH1                  0x08000ae1   Thumb Code     4  main.o(i.LL_TIM_OC_SetCompareCH1)
    i.LL_TIM_OC_SetCompareCH2                0x08000ae4   Section        0  main.o(i.LL_TIM_OC_SetCompareCH2)
    LL_TIM_OC_SetCompareCH2                  0x08000ae5   Thumb Code     4  main.o(i.LL_TIM_OC_SetCompareCH2)
    i.LL_TIM_OC_SetMode                      0x08000ae8   Section        0  main.o(i.LL_TIM_OC_SetMode)
    LL_TIM_OC_SetMode                        0x08000ae9   Thumb Code    98  main.o(i.LL_TIM_OC_SetMode)
    i.MyTimer_Start                          0x08000b54   Section        0  mytimer.o(i.MyTimer_Start)
    i.Pwm_Configure_CC                       0x08000b64   Section        0  main.o(i.Pwm_Configure_CC)
    i.Pwm_Configure_Servoile                 0x08000c10   Section        0  main.o(i.Pwm_Configure_Servoile)
    i.SystemClock_Config                     0x08000cb0   Section        0  main.o(i.SystemClock_Config)
    i.SystemInit                             0x08000d90   Section        0  system_stm32f1xx.o(i.SystemInit)
    i.TIM1_UP_IRQHandler                     0x08000de8   Section        0  mytimer.o(i.TIM1_UP_IRQHandler)
    i.TIM2_IRQHandler                        0x08000e00   Section        0  mytimer.o(i.TIM2_IRQHandler)
    i.TIM3_IRQHandler                        0x08000e18   Section        0  mytimer.o(i.TIM3_IRQHandler)
    i.TIM4_IRQHandler                        0x08000e30   Section        0  mytimer.o(i.TIM4_IRQHandler)
    i.__scatterload_copy                     0x08000e48   Section       14  handlers.o(i.__scatterload_copy)
    i.__scatterload_null                     0x08000e56   Section        2  handlers.o(i.__scatterload_null)
    i.__scatterload_zeroinit                 0x08000e58   Section       14  handlers.o(i.__scatterload_zeroinit)
    i.assert_failed                          0x08000e66   Section        0  main.o(i.assert_failed)
    i.main                                   0x08000e6c   Section        0  main.o(i.main)
    i.servo_voile                            0x08000e8c   Section        0  main.o(i.servo_voile)
    .constdata                               0x08000f5c   Section       35  main.o(.constdata)
    OFFSET_TAB_CCMRx                         0x08000f5c   Data           7  main.o(.constdata)
    SHIFT_TAB_OCxx                           0x08000f63   Data           7  main.o(.constdata)
    SHIFT_TAB_ICxx                           0x08000f6a   Data           7  main.o(.constdata)
    SHIFT_TAB_CCxP                           0x08000f71   Data           7  main.o(.constdata)
    SHIFT_TAB_OISx                           0x08000f78   Data           7  main.o(.constdata)
    .data                                    0x20000000   Section        8  main.o(.data)
    .data                                    0x20000008   Section       16  mytimer.o(.data)
    .data                                    0x20000018   Section        4  system_stm32f1xx.o(.data)
    STACK                                    0x20000020   Section     1024  startup_stm32f103xb.o(STACK)

    Global Symbols

    Symbol Name                              Value     Ov Type        Size  Object(Section)

    BuildAttributes$$THM_ISAv4$P$D$K$B$S$PE$A:L22UL41UL21$X:L11$S22US41US21$IEEE1$IW$USESV6$~STKCKD$USESV7$~SHL$OTIME$ROPI$EBA8$MICROLIB$REQ8$PRES8$EABIv2 0x00000000   Number         0  anon$$obj.o ABSOLUTE
    __ARM_use_no_argv                        0x00000000   Number         0  main.o ABSOLUTE
    __cpp_initialize__aeabi_                  - Undefined Weak Reference
    __cxa_finalize                            - Undefined Weak Reference
    __decompress                              - Undefined Weak Reference
    _clock_init                               - Undefined Weak Reference
    _microlib_exit                            - Undefined Weak Reference
    __Vectors_Size                           0x000000ec   Number         0  startup_stm32f103xb.o ABSOLUTE
    __Vectors                                0x08000000   Data           4  startup_stm32f103xb.o(RESET)
    __Vectors_End                            0x080000ec   Data           0  startup_stm32f103xb.o(RESET)
    __main                                   0x080000ed   Thumb Code     0  entry.o(.ARM.Collect$$$$00000000)
    _main_stk                                0x080000ed   Thumb Code     0  entry2.o(.ARM.Collect$$$$00000001)
    _main_scatterload                        0x080000f1   Thumb Code     0  entry5.o(.ARM.Collect$$$$00000004)
    __main_after_scatterload                 0x080000f5   Thumb Code     0  entry5.o(.ARM.Collect$$$$00000004)
    _main_clock                              0x080000f5   Thumb Code     0  entry7b.o(.ARM.Collect$$$$00000008)
    _main_cpp_init                           0x080000f5   Thumb Code     0  entry8b.o(.ARM.Collect$$$$0000000A)
    _main_init                               0x080000f5   Thumb Code     0  entry9a.o(.ARM.Collect$$$$0000000B)
    __rt_final_cpp                           0x080000fd   Thumb Code     0  entry10a.o(.ARM.Collect$$$$0000000D)
    __rt_final_exit                          0x080000fd   Thumb Code     0  entry11a.o(.ARM.Collect$$$$0000000F)
    Reset_Handler                            0x08000101   Thumb Code     8  startup_stm32f103xb.o(.text)
    NMI_Handler                              0x08000109   Thumb Code     2  startup_stm32f103xb.o(.text)
    HardFault_Handler                        0x0800010b   Thumb Code     2  startup_stm32f103xb.o(.text)
    MemManage_Handler                        0x0800010d   Thumb Code     2  startup_stm32f103xb.o(.text)
    BusFault_Handler                         0x0800010f   Thumb Code     2  startup_stm32f103xb.o(.text)
    UsageFault_Handler                       0x08000111   Thumb Code     2  startup_stm32f103xb.o(.text)
    SVC_Handler                              0x08000113   Thumb Code     2  startup_stm32f103xb.o(.text)
    DebugMon_Handler                         0x08000115   Thumb Code     2  startup_stm32f103xb.o(.text)
    PendSV_Handler                           0x08000117   Thumb Code     2  startup_stm32f103xb.o(.text)
    SysTick_Handler                          0x08000119   Thumb Code     2  startup_stm32f103xb.o(.text)
    ADC1_2_IRQHandler                        0x0800011b   Thumb Code     0  startup_stm32f103xb.o(.text)
    CAN1_RX1_IRQHandler                      0x0800011b   Thumb Code     0  startup_stm32f103xb.o(.text)
    CAN1_SCE_IRQHandler                      0x0800011b   Thumb Code     0  startup_stm32f103xb.o(.text)
    DMA1_Channel1_IRQHandler                 0x0800011b   Thumb Code     0  startup_stm32f103xb.o(.text)
    DMA1_Channel2_IRQHandler                 0x0800011b   Thumb Code     0  startup_stm32f103xb.o(.text)
    DMA1_Channel3_IRQHandler                 0x0800011b   Thumb Code     0  startup_stm32f103xb.o(.text)
    DMA1_Channel4_IRQHandler                 0x0800011b   Thumb Code     0  startup_stm32f103xb.o(.text)
    DMA1_Channel5_IRQHandler                 0x0800011b   Thumb Code     0  startup_stm32f103xb.o(.text)
    DMA1_Channel6_IRQHandler                 0x0800011b   Thumb Code     0  startup_stm32f103xb.o(.text)
    DMA1_Channel7_IRQHandler                 0x0800011b   Thumb Code     0  startup_stm32f103xb.o(.text)
    EXTI0_IRQHandler                         0x0800011b   Thumb Code     0  startup_stm32f103xb.o(.text)
    EXTI15_10_IRQHandler                     0x0800011b   Thumb Code     0  startup_stm32f103xb.o(.text)
    EXTI1_IRQHandler                         0x0800011b   Thumb Code     0  startup_stm32f103xb.o(.text)
    EXTI2_IRQHandler                         0x0800011b   Thumb Code     0  startup_stm32f103xb.o(.text)
    EXTI3_IRQHandler                         0x0800011b   Thumb Code     0  startup_stm32f103xb.o(.text)
    EXTI4_IRQHandler                         0x0800011b   Thumb Code     0  startup_stm32f103xb.o(.text)
    EXTI9_5_IRQHandler                       0x0800011b   Thumb Code     0  startup_stm32f103xb.o(.text)
    FLASH_IRQHandler                         0x0800011b   Thumb Code     0  startup_stm32f103xb.o(.text)
    I2C1_ER_IRQHandler                       0x0800011b   Thumb Code     0  startup_stm32f103xb.o(.text)
    I2C1_EV_IRQHandler                       0x0800011b   Thumb Code     0  startup_stm32f103xb.o(.text)
    I2C2_ER_IRQHandler                       0x0800011b   Thumb Code     0  startup_stm32f103xb.o(.text)
    I2C2_EV_IRQHandler                       0x0800011b   Thumb Code     0  startup_stm32f103xb.o(.text)
    PVD_IRQHandler                           0x0800011b   Thumb Code     0  startup_stm32f103xb.o(.text)
    RCC_IRQHandler                           0x0800011b   Thumb Code     0  startup_stm32f103xb.o(.text)
    RTC_Alarm_IRQHandler                     0x0800011b   Thumb Code     0  startup_stm32f103xb.o(.text)
    RTC_IRQHandler                           0x0800011b   Thumb Code     0  startup_stm32f103xb.o(.text)
    SPI1_IRQHandler                          0x0800011b   Thumb Code     0  startup_stm32f103xb.o(.text)
    SPI2_IRQHandler                          0x0800011b   Thumb Code     0  startup_stm32f103xb.o(.text)
    TAMPER_IRQHandler                        0x0800011b   Thumb Code     0  startup_stm32f103xb.o(.text)
    TIM1_BRK_IRQHandler                      0x0800011b   Thumb Code     0  startup_stm32f103xb.o(.text)
    TIM1_CC_IRQHandler                       0x0800011b   Thumb Code     0  startup_stm32f103xb.o(.text)
    TIM1_TRG_COM_IRQHandler                  0x0800011b   Thumb Code     0  startup_stm32f103xb.o(.text)
    USART1_IRQHandler                        0x0800011b   Thumb Code     0  startup_stm32f103xb.o(.text)
    USART2_IRQHandler                        0x0800011b   Thumb Code     0  startup_stm32f103xb.o(.text)
    USART3_IRQHandler                        0x0800011b   Thumb Code     0  startup_stm32f103xb.o(.text)
    USBWakeUp_IRQHandler                     0x0800011b   Thumb Code     0  startup_stm32f103xb.o(.text)
    USB_HP_CAN1_TX_IRQHandler                0x0800011b   Thumb Code     0  startup_stm32f103xb.o(.text)
    USB_LP_CAN1_RX0_IRQHandler               0x0800011b   Thumb Code     0  startup_stm32f103xb.o(.text)
    WWDG_IRQHandler                          0x0800011b   Thumb Code     0  startup_stm32f103xb.o(.text)
    __aeabi_fmul                             0x08000125   Thumb Code   100  fmul.o(.text)
    __aeabi_fdiv                             0x08000189   Thumb Code   124  fdiv.o(.text)
    __aeabi_dadd                             0x08000205   Thumb Code   322  dadd.o(.text)
    __aeabi_dsub                             0x08000347   Thumb Code     6  dadd.o(.text)
    __aeabi_drsub                            0x0800034d   Thumb Code     6  dadd.o(.text)
    __aeabi_dmul                             0x08000353   Thumb Code   228  dmul.o(.text)
    __aeabi_ddiv                             0x08000437   Thumb Code   222  ddiv.o(.text)
    __aeabi_ui2f                             0x08000515   Thumb Code    10  ffltui.o(.text)
    __aeabi_i2d                              0x0800051f   Thumb Code    34  dflti.o(.text)
    __aeabi_f2iz                             0x08000541   Thumb Code    50  ffixi.o(.text)
    __aeabi_f2uiz                            0x08000573   Thumb Code    40  ffixui.o(.text)
    __aeabi_f2d                              0x0800059b   Thumb Code    38  f2d.o(.text)
    __aeabi_cdcmpeq                          0x080005c1   Thumb Code     0  cdcmple.o(.text)
    __aeabi_cdcmple                          0x080005c1   Thumb Code    48  cdcmple.o(.text)
    __aeabi_cdrcmple                         0x080005f1   Thumb Code    48  cdrcmple.o(.text)
    __aeabi_d2f                              0x08000621   Thumb Code    56  d2f.o(.text)
    __aeabi_llsl                             0x08000659   Thumb Code    30  llshl.o(.text)
    _ll_shift_l                              0x08000659   Thumb Code     0  llshl.o(.text)
    __aeabi_lasr                             0x08000677   Thumb Code    36  llsshr.o(.text)
    _ll_sshift_r                             0x08000677   Thumb Code     0  llsshr.o(.text)
    __I$use$fp                               0x0800069b   Thumb Code     0  iusefp.o(.text)
    _float_round                             0x0800069b   Thumb Code    18  fepilogue.o(.text)
    _float_epilogue                          0x080006ad   Thumb Code    92  fepilogue.o(.text)
    _double_round                            0x08000709   Thumb Code    30  depilogue.o(.text)
    _double_epilogue                         0x08000727   Thumb Code   156  depilogue.o(.text)
    __scatterload                            0x080007c5   Thumb Code    28  init.o(.text)
    __scatterload_rt2                        0x080007c5   Thumb Code     0  init.o(.text)
    __aeabi_llsr                             0x080007e9   Thumb Code    32  llushr.o(.text)
    _ll_ushift_r                             0x080007e9   Thumb Code     0  llushr.o(.text)
    CC                                       0x08000809   Thumb Code   228  main.o(i.CC)
    LL_Init1msTick                           0x08000981   Thumb Code    28  stm32f1xx_ll_utils.o(i.LL_Init1msTick)
    LL_SetSystemCoreClock                    0x0800099d   Thumb Code     6  stm32f1xx_ll_utils.o(i.LL_SetSystemCoreClock)
    LL_TIM_Init                              0x080009cd   Thumb Code   228  stm32f1xx_ll_tim.o(i.LL_TIM_Init)
    MyTimer_Start                            0x08000b55   Thumb Code    14  mytimer.o(i.MyTimer_Start)
    Pwm_Configure_CC                         0x08000b65   Thumb Code   162  main.o(i.Pwm_Configure_CC)
    Pwm_Configure_Servoile                   0x08000c11   Thumb Code   142  main.o(i.Pwm_Configure_Servoile)
    SystemClock_Config                       0x08000cb1   Thumb Code   212  main.o(i.SystemClock_Config)
    SystemInit                               0x08000d91   Thumb Code    70  system_stm32f1xx.o(i.SystemInit)
    TIM1_UP_IRQHandler                       0x08000de9   Thumb Code    16  mytimer.o(i.TIM1_UP_IRQHandler)
    TIM2_IRQHandler                          0x08000e01   Thumb Code    18  mytimer.o(i.TIM2_IRQHandler)
    TIM3_IRQHandler                          0x08000e19   Thumb Code    16  mytimer.o(i.TIM3_IRQHandler)
    TIM4_IRQHandler                          0x08000e31   Thumb Code    16  mytimer.o(i.TIM4_IRQHandler)
    __scatterload_copy                       0x08000e49   Thumb Code    14  handlers.o(i.__scatterload_copy)
    __scatterload_null                       0x08000e57   Thumb Code     2  handlers.o(i.__scatterload_null)
    __scatterload_zeroinit                   0x08000e59   Thumb Code    14  handlers.o(i.__scatterload_zeroinit)
    assert_failed                            0x08000e67   Thumb Code     4  main.o(i.assert_failed)
    main                                     0x08000e6d   Thumb Code    26  main.o(i.main)
    servo_voile                              0x08000e8d   Thumb Code   162  main.o(i.servo_voile)
    Region$$Table$$Base                      0x08000f80   Number         0  anon$$obj.o(Region$$Table)
    Region$$Table$$Limit                     0x08000fa0   Number         0  anon$$obj.o(Region$$Table)
    angle                                    0x20000000   Data           4  main.o(.data)
    time_up                                  0x20000004   Data           4  main.o(.data)
    Ptr_ItFct_TIM1                           0x20000008   Data           4  mytimer.o(.data)
    Ptr_ItFct_TIM2                           0x2000000c   Data           4  mytimer.o(.data)
    Ptr_ItFct_TIM3                           0x20000010   Data           4  mytimer.o(.data)
    Ptr_ItFct_TIM4                           0x20000014   Data           4  mytimer.o(.data)
    SystemCoreClock                          0x20000018   Data           4  system_stm32f1xx.o(.data)
    __initial_sp                             0x20000420   Data           0  startup_stm32f103xb.o(STACK)



==============================================================================

Memory Map of the image

  Image Entry point : 0x080000ed

  Load Region LR_IROM1 (Base: 0x08000000, Size: 0x00000fbc, Max: 0x00020000, ABSOLUTE)

    Execution Region ER_IROM1 (Exec base: 0x08000000, Load base: 0x08000000, Size: 0x00000fa0, Max: 0x00020000, ABSOLUTE)

    Exec Addr    Load Addr    Size         Type   Attr      Idx    E Section Name        Object

    0x08000000   0x08000000   0x000000ec   Data   RO          788    RESET               startup_stm32f103xb.o
    0x080000ec   0x080000ec   0x00000000   Code   RO          793  * .ARM.Collect$$$$00000000  mc_w.l(entry.o)
    0x080000ec   0x080000ec   0x00000004   Code   RO          822    .ARM.Collect$$$$00000001  mc_w.l(entry2.o)
    0x080000f0   0x080000f0   0x00000004   Code   RO          825    .ARM.Collect$$$$00000004  mc_w.l(entry5.o)
    0x080000f4   0x080000f4   0x00000000   Code   RO          827    .ARM.Collect$$$$00000008  mc_w.l(entry7b.o)
    0x080000f4   0x080000f4   0x00000000   Code   RO          829    .ARM.Collect$$$$0000000A  mc_w.l(entry8b.o)
    0x080000f4   0x080000f4   0x00000008   Code   RO          830    .ARM.Collect$$$$0000000B  mc_w.l(entry9a.o)
    0x080000fc   0x080000fc   0x00000000   Code   RO          832    .ARM.Collect$$$$0000000D  mc_w.l(entry10a.o)
    0x080000fc   0x080000fc   0x00000000   Code   RO          834    .ARM.Collect$$$$0000000F  mc_w.l(entry11a.o)
    0x080000fc   0x080000fc   0x00000004   Code   RO          823    .ARM.Collect$$$$00002712  mc_w.l(entry2.o)
    0x08000100   0x08000100   0x00000024   Code   RO          789    .text               startup_stm32f103xb.o
    0x08000124   0x08000124   0x00000064   Code   RO          796    .text               mf_w.l(fmul.o)
    0x08000188   0x08000188   0x0000007c   Code   RO          798    .text               mf_w.l(fdiv.o)
    0x08000204   0x08000204   0x0000014e   Code   RO          800    .text               mf_w.l(dadd.o)
    0x08000352   0x08000352   0x000000e4   Code   RO          802    .text               mf_w.l(dmul.o)
    0x08000436   0x08000436   0x000000de   Code   RO          804    .text               mf_w.l(ddiv.o)
    0x08000514   0x08000514   0x0000000a   Code   RO          806    .text               mf_w.l(ffltui.o)
    0x0800051e   0x0800051e   0x00000022   Code   RO          808    .text               mf_w.l(dflti.o)
    0x08000540   0x08000540   0x00000032   Code   RO          810    .text               mf_w.l(ffixi.o)
    0x08000572   0x08000572   0x00000028   Code   RO          812    .text               mf_w.l(ffixui.o)
    0x0800059a   0x0800059a   0x00000026   Code   RO          814    .text               mf_w.l(f2d.o)
    0x080005c0   0x080005c0   0x00000030   Code   RO          816    .text               mf_w.l(cdcmple.o)
    0x080005f0   0x080005f0   0x00000030   Code   RO          818    .text               mf_w.l(cdrcmple.o)
    0x08000620   0x08000620   0x00000038   Code   RO          820    .text               mf_w.l(d2f.o)
    0x08000658   0x08000658   0x0000001e   Code   RO          836    .text               mc_w.l(llshl.o)
    0x08000676   0x08000676   0x00000024   Code   RO          838    .text               mc_w.l(llsshr.o)
    0x0800069a   0x0800069a   0x00000000   Code   RO          840    .text               mc_w.l(iusefp.o)
    0x0800069a   0x0800069a   0x0000006e   Code   RO          841    .text               mf_w.l(fepilogue.o)
    0x08000708   0x08000708   0x000000ba   Code   RO          843    .text               mf_w.l(depilogue.o)
    0x080007c2   0x080007c2   0x00000002   PAD
    0x080007c4   0x080007c4   0x00000024   Code   RO          845    .text               mc_w.l(init.o)
    0x080007e8   0x080007e8   0x00000020   Code   RO          847    .text               mc_w.l(llushr.o)
    0x08000808   0x08000808   0x00000104   Code   RO            4    i.CC                main.o
    0x0800090c   0x0800090c   0x0000002c   Code   RO            5    i.LL_GPIO_SetPinMode  main.o
    0x08000938   0x08000938   0x0000002c   Code   RO            6    i.LL_GPIO_SetPinOutputType  main.o
    0x08000964   0x08000964   0x0000001c   Code   RO            7    i.LL_GPIO_SetPinPull  main.o
    0x08000980   0x08000980   0x0000001c   Code   RO          422    i.LL_Init1msTick    stm32f1xx_ll_utils.o
    0x0800099c   0x0800099c   0x0000000c   Code   RO          429    i.LL_SetSystemCoreClock  stm32f1xx_ll_utils.o
    0x080009a8   0x080009a8   0x00000008   Code   RO            8    i.LL_TIM_CC_EnableChannel  main.o
    0x080009b0   0x080009b0   0x00000008   Code   RO          228    i.LL_TIM_ClearFlag_UPDATE  mytimer.o
    0x080009b8   0x080009b8   0x0000000a   Code   RO            9    i.LL_TIM_EnableAllOutputs  main.o
    0x080009c2   0x080009c2   0x0000000a   Code   RO           10    i.LL_TIM_EnableCounter  main.o
    0x080009cc   0x080009cc   0x00000114   Code   RO          534    i.LL_TIM_Init       stm32f1xx_ll_tim.o
    0x08000ae0   0x08000ae0   0x00000004   Code   RO           11    i.LL_TIM_OC_SetCompareCH1  main.o
    0x08000ae4   0x08000ae4   0x00000004   Code   RO           12    i.LL_TIM_OC_SetCompareCH2  main.o
    0x08000ae8   0x08000ae8   0x0000006c   Code   RO           13    i.LL_TIM_OC_SetMode  main.o
    0x08000b54   0x08000b54   0x0000000e   Code   RO          236    i.MyTimer_Start     mytimer.o
    0x08000b62   0x08000b62   0x00000002   PAD
    0x08000b64   0x08000b64   0x000000ac   Code   RO           14    i.Pwm_Configure_CC  main.o
    0x08000c10   0x08000c10   0x000000a0   Code   RO           15    i.Pwm_Configure_Servoile  main.o
    0x08000cb0   0x08000cb0   0x000000e0   Code   RO           16    i.SystemClock_Config  main.o
    0x08000d90   0x08000d90   0x00000058   Code   RO          753    i.SystemInit        system_stm32f1xx.o
    0x08000de8   0x08000de8   0x00000018   Code   RO          238    i.TIM1_UP_IRQHandler  mytimer.o
    0x08000e00   0x08000e00   0x00000018   Code   RO          239    i.TIM2_IRQHandler   mytimer.o
    0x08000e18   0x08000e18   0x00000018   Code   RO          240    i.TIM3_IRQHandler   mytimer.o
    0x08000e30   0x08000e30   0x00000018   Code   RO          241    i.TIM4_IRQHandler   mytimer.o
    0x08000e48   0x08000e48   0x0000000e   Code   RO          851    i.__scatterload_copy  mc_w.l(handlers.o)
    0x08000e56   0x08000e56   0x00000002   Code   RO          852    i.__scatterload_null  mc_w.l(handlers.o)
    0x08000e58   0x08000e58   0x0000000e   Code   RO          853    i.__scatterload_zeroinit  mc_w.l(handlers.o)
    0x08000e66   0x08000e66   0x00000004   Code   RO           17    i.assert_failed     main.o
    0x08000e6a   0x08000e6a   0x00000002   PAD
    0x08000e6c   0x08000e6c   0x00000020   Code   RO           19    i.main              main.o
    0x08000e8c   0x08000e8c   0x000000d0   Code   RO           20    i.servo_voile       main.o
    0x08000f5c   0x08000f5c   0x00000023   Data   RO           21    .constdata          main.o
    0x08000f7f   0x08000f7f   0x00000001   PAD
    0x08000f80   0x08000f80   0x00000020   Data   RO          849    Region$$Table       anon$$obj.o


    Execution Region RW_IRAM1 (Exec base: 0x20000000, Load base: 0x08000fa0, Size: 0x00000420, Max: 0x00005000, ABSOLUTE)

    Exec Addr    Load Addr    Size         Type   Attr      Idx    E Section Name        Object

    0x20000000   0x08000fa0   0x00000008   Data   RW           22    .data               main.o
    0x20000008   0x08000fa8   0x00000010   Data   RW          243    .data               mytimer.o
    0x20000018   0x08000fb8   0x00000004   Data   RW          755    .data               system_stm32f1xx.o
    0x2000001c   0x08000fbc   0x00000004   PAD
    0x20000020        -       0x00000400   Zero   RW          786    STACK               startup_stm32f103xb.o


==============================================================================

Image component sizes


      Code (inc. data)   RO Data    RW Data    ZI Data      Debug   Object Name

      1320        134         35          8          0     397235   main.o
       118         30          0         16          0      27557   mytimer.o
        36          8        236          0       1024        760   startup_stm32f103xb.o
       276         48          0          0          0      28934   stm32f1xx_ll_tim.o
        40          6          0          0          0       2037   stm32f1xx_ll_utils.o
        88         18          0          4          0       1111   system_stm32f1xx.o

    ----------------------------------------------------------------------
      1882        244        304         28       1028     457634   Object Totals
         0          0         32          0          0          0   (incl. Generated)
         4          0          1          0          4          0   (incl. Padding)

    ----------------------------------------------------------------------

      Code (inc. data)   RO Data    RW Data    ZI Data      Debug   Library Member Name

         0          0          0          0          0          0   entry.o
         0          0          0          0          0          0   entry10a.o
         0          0          0          0          0          0   entry11a.o
         8          4          0          0          0          0   entry2.o
         4          0          0          0          0          0   entry5.o
         0          0          0          0          0          0   entry7b.o
         0          0          0          0          0          0   entry8b.o
         8          4          0          0          0          0   entry9a.o
        30          0          0          0          0          0   handlers.o
        36          8          0          0          0         68   init.o
         0          0          0          0          0          0   iusefp.o
        30          0          0          0          0         68   llshl.o
        36          0          0          0          0         68   llsshr.o
        32          0          0          0          0         68   llushr.o
        48          0          0          0          0         68   cdcmple.o
        48          0          0          0          0         68   cdrcmple.o
        56          0          0          0          0         88   d2f.o
       334          0          0          0          0        148   dadd.o
       222          0          0          0          0        100   ddiv.o
       186          0          0          0          0        176   depilogue.o
        34          0          0          0          0         76   dflti.o
       228          0          0          0          0         96   dmul.o
        38          0          0          0          0         68   f2d.o
       124          0          0          0          0         88   fdiv.o
       110          0          0          0          0        168   fepilogue.o
        50          0          0          0          0         68   ffixi.o
        40          0          0          0          0         68   ffixui.o
        10          0          0          0          0         68   ffltui.o
       100          0          0          0          0         76   fmul.o

    ----------------------------------------------------------------------
      1814         16          0          0          0       1696   Library Totals
         2          0          0          0          0          0   (incl. Padding)

    ----------------------------------------------------------------------

      Code (inc. data)   RO Data    RW Data    ZI Data      Debug   Library Name

       184         16          0          0          0        272   mc_w.l
      1628          0          0          0          0       1424   mf_w.l

    ----------------------------------------------------------------------
      1814         16          0          0          0       1696   Library Totals

    ----------------------------------------------------------------------

==============================================================================


      Code (inc. data)   RO Data    RW Data    ZI Data      Debug   

      3696        260        304         28       1028     457350   Grand Totals
      3696        260        304         28       1028     457350   ELF Image Totals
      3696        260        304         28          0          0   ROM Totals

==============================================================================

    Total RO  Size (Code + RO Data)                 4000 (   3.91kB)
    Total RW  Size (RW Data + ZI Data)              1056 (   1.03kB)
    Total ROM Size (Code + RO Data + RW Data)       4028 (   3.93kB)

==============================================================================

